--------------------------------------------------------------------------------------
Timing Analyzer Summary
--------------------------------------------------------------------------------------

Type           : Worst-case tco
Slack          : N/A
Required Time  : None
Actual Time    : 8.310 ns
From           : T:TIMINGU|synchcnt:COUNT|jk_ff:a2|set
To             : output[35]
From Clock     : CLR
To Clock       : --
Failed Paths   : 0

Type           : Worst-case tpd
Slack          : N/A
Required Time  : None
Actual Time    : 9.820 ns
From           : IR[12]
To             : output[17]
From Clock     : --
To Clock       : --
Failed Paths   : 0

Type           : Clock Setup: 'CLR'
Slack          : N/A
Required Time  : None
Actual Time    : Restricted to 500.00 MHz ( period = 2.000 ns )
From           : T:TIMINGU|synchcnt:COUNT|jk_ff:a3|set
To             : T:TIMINGU|synchcnt:COUNT|jk_ff:a4|set
From Clock     : CLR
To Clock       : CLR
Failed Paths   : 0

Type           : Total number of failed paths
Slack          : 
Required Time  : 
Actual Time    : 
From           : 
To             : 
From Clock     : 
To Clock       : 
Failed Paths   : 0

--------------------------------------------------------------------------------------

