CCS PCM C Compiler, Version 5.049, 5967               24-Oct-20 22:36

               Filename:   C:\Users\mohmmed\Desktop\Task2\Part3\PIC1#\1#.lst

               ROM used:   258 words (3%)
                           Largest free fragment is 2048
               RAM used:   66 (18%) at main() level
                           69 (19%) worst case
               Stack used: 0 locations
               Stack size: 8

*
0000:  MOVLW  00
0001:  MOVWF  0A
0002:  GOTO   0DE
0003:  NOP
0004:  MOVWF  7F
0005:  SWAPF  03,W
0006:  CLRF   03
0007:  MOVWF  21
0008:  MOVF   0A,W
0009:  MOVWF  20
000A:  CLRF   0A
000B:  MOVF   04,W
000C:  MOVWF  22
000D:  MOVF   77,W
000E:  MOVWF  23
000F:  MOVF   78,W
0010:  MOVWF  24
0011:  MOVF   79,W
0012:  MOVWF  25
0013:  MOVF   7A,W
0014:  MOVWF  26
0015:  BCF    03.7
0016:  BCF    03.5
0017:  BTFSS  0B.4
0018:  GOTO   01B
0019:  BTFSC  0B.1
001A:  GOTO   032
001B:  MOVLW  8C
001C:  MOVWF  04
001D:  BTFSS  00.5
001E:  GOTO   021
001F:  BTFSC  0C.5
0020:  GOTO   035
0021:  MOVF   22,W
0022:  MOVWF  04
0023:  MOVF   23,W
0024:  MOVWF  77
0025:  MOVF   24,W
0026:  MOVWF  78
0027:  MOVF   25,W
0028:  MOVWF  79
0029:  MOVF   26,W
002A:  MOVWF  7A
002B:  MOVF   20,W
002C:  MOVWF  0A
002D:  SWAPF  21,W
002E:  MOVWF  03
002F:  SWAPF  7F,F
0030:  SWAPF  7F,W
0031:  RETFIE
0032:  BCF    0A.3
0033:  BCF    0A.4
0034:  GOTO   08A
0035:  BCF    0A.3
0036:  BCF    0A.4
0037:  GOTO   05A
.................... #include<16f877a.h> 
.................... //////////// Standard Header file for the PIC16F877A device //////////////// 
.................... /////////////////////////////////////////////////////////////////////////// 
.................... ////        (C) Copyright 1996, 2014 Custom Computer Services          //// 
.................... //// This source code may only be used by licensed users of the CCS C  //// 
.................... //// compiler.  This source code may only be distributed to other      //// 
.................... //// licensed users of the CCS C compiler.  No other use, reproduction //// 
.................... //// or distribution is permitted without written permission.          //// 
.................... //// Derivative programs created using this software in object code    //// 
.................... //// form are not restricted in any way.                               //// 
.................... /////////////////////////////////////////////////////////////////////////// 
.................... #device PIC16F877A 
*
006E:  MOVF   00,F
006F:  BTFSC  03.2
0070:  GOTO   083
0071:  CLRF   5E
0072:  MOVF   04,W
0073:  MOVWF  5D
0074:  BCF    5E.0
0075:  BTFSC  03.7
0076:  BSF    5E.0
0077:  MOVF   00,W
0078:  MOVWF  5F
0079:  CALL   038
007A:  MOVF   5D,W
007B:  MOVWF  04
007C:  BCF    03.7
007D:  BTFSC  5E.0
007E:  BSF    03.7
007F:  INCF   04,F
0080:  BTFSC  03.2
0081:  INCF   05,F
0082:  GOTO   06E
*
00C0:  MOVF   00,F
00C1:  BTFSC  03.2
00C2:  GOTO   0D6
00C3:  CLRF   5E
00C4:  MOVF   04,W
00C5:  MOVWF  5D
00C6:  BCF    5E.0
00C7:  BTFSC  03.7
00C8:  BSF    5E.0
00C9:  MOVF   00,W
00CA:  BTFSS  0C.4
00CB:  GOTO   0CA
00CC:  MOVWF  19
00CD:  MOVF   5D,W
00CE:  MOVWF  04
00CF:  BCF    03.7
00D0:  BTFSC  5E.0
00D1:  BSF    03.7
00D2:  INCF   04,F
00D3:  BTFSC  03.2
00D4:  INCF   05,F
00D5:  GOTO   0C0
....................  
.................... #list 
....................  
.................... #fuses xt,nowdt 
.................... #use delay(clock = 2000000) 
.................... #use rs232(baud=9600, xmit=PIN_C6, rcv=PIN_C7, stream = user1) 
.................... #use rs232(baud=9600, xmit=PIN_B1, rcv=PIN_B0, stream = user2) 
*
0038:  BSF    03.5
0039:  BCF    06.1
003A:  BCF    03.5
003B:  BCF    06.1
003C:  MOVLW  08
003D:  MOVWF  78
003E:  GOTO   03F
003F:  NOP
0040:  BSF    78.7
0041:  GOTO   050
0042:  BCF    78.7
0043:  RRF    5F,F
0044:  BTFSC  03.0
0045:  BSF    06.1
0046:  BTFSS  03.0
0047:  BCF    06.1
0048:  BSF    78.6
0049:  GOTO   050
004A:  BCF    78.6
004B:  DECFSZ 78,F
004C:  GOTO   043
004D:  GOTO   04E
004E:  NOP
004F:  BSF    06.1
0050:  MOVLW  0B
0051:  MOVWF  04
0052:  DECFSZ 04,F
0053:  GOTO   052
0054:  NOP
0055:  BTFSC  78.7
0056:  GOTO   042
0057:  BTFSC  78.6
0058:  GOTO   04A
0059:  RETURN
*
008F:  BSF    03.5
0090:  BSF    06.0
0091:  BCF    03.5
0092:  BTFSC  06.0
0093:  GOTO   092
0094:  MOVLW  08
0095:  MOVWF  77
0096:  CLRF   5D
0097:  BSF    77.7
0098:  GOTO   0A7
0099:  BCF    77.7
009A:  GOTO   0A7
009B:  BCF    03.0
009C:  BTFSC  06.0
009D:  BSF    03.0
009E:  RRF    5D,F
009F:  BSF    77.6
00A0:  GOTO   0A7
00A1:  BCF    77.6
00A2:  DECFSZ 77,F
00A3:  GOTO   09B
00A4:  MOVF   5D,W
00A5:  MOVWF  78
00A6:  GOTO   0B2
00A7:  MOVLW  0B
00A8:  BTFSC  77.7
00A9:  MOVLW  03
00AA:  MOVWF  78
00AB:  DECFSZ 78,F
00AC:  GOTO   0AB
00AD:  BTFSC  77.7
00AE:  GOTO   099
00AF:  BTFSC  77.6
00B0:  GOTO   0A1
00B1:  GOTO   09B
.................... #include<string.h> 
.................... //////////////////////////////////////////////////////////////////////////// 
.................... ////        (C) Copyright 1996,2008 Custom Computer Services            //// 
.................... //// This source code may only be used by licensed users of the CCS C   //// 
.................... //// compiler.  This source code may only be distributed to other       //// 
.................... //// licensed users of the CCS C compiler.  No other use, reproduction  //// 
.................... //// or distribution is permitted without written permission.           //// 
.................... //// Derivative programs created using this software in object code     //// 
.................... //// form are not restricted in any way.                                //// 
.................... //////////////////////////////////////////////////////////////////////////// 
....................  
.................... #ifndef _STRING 
.................... #define _STRING 
.................... #include <stddef.h> 
.................... /////////////////////////////////////////////////////////////////////////// 
.................... ////        (C) Copyright 1996,2003 Custom Computer Services           //// 
.................... //// This source code may only be used by licensed users of the CCS C  //// 
.................... //// compiler.  This source code may only be distributed to other      //// 
.................... //// licensed users of the CCS C compiler.  No other use, reproduction //// 
.................... //// or distribution is permitted without written permission.          //// 
.................... //// Derivative programs created using this software in object code    //// 
.................... //// form are not restricted in any way.                               //// 
.................... /////////////////////////////////////////////////////////////////////////// 
....................  
.................... #ifndef _STDDEF 
....................  
.................... #define _STDDEF 
....................  
.................... #if sizeof(unsigned int8 *)==1 
.................... #define ptrdiff_t unsigned int8 
.................... #else 
.................... #define ptrdiff_t unsigned int16 
.................... #endif 
....................  
.................... #if defined(__PCB__) || defined(__PCM__) 
.................... #define size_t unsigned int8 
.................... #else 
.................... #define size_t unsigned int16 
.................... #endif 
.................... #define wchar_t char 
.................... #define NULL 0 
....................  
.................... #define offsetof(s,f) (offsetofbit(s,f)/8) 
....................  
.................... #endif 
....................  
.................... #include <ctype.h> 
.................... //////////////////////////////////////////////////////////////////////////// 
.................... ////        (C) Copyright 1996,2003 Custom Computer Services            //// 
.................... //// This source code may only be used by licensed users of the CCS C   //// 
.................... //// compiler.  This source code may only be distributed to other       //// 
.................... //// licensed users of the CCS C compiler.  No other use, reproduction  //// 
.................... //// or distribution is permitted without written permission.           //// 
.................... //// Derivative programs created using this software in object code     //// 
.................... //// form are not restricted in any way.                                //// 
.................... //////////////////////////////////////////////////////////////////////////// 
....................  
.................... #ifndef _CTYPE 
.................... #define _CTYPE 
....................  
.................... #define islower(x)  isamong(x,"abcdefghijklmnopqrstuvwxyz") 
.................... #define isupper(x)  isamong(x,"ABCDEFGHIJKLMNOPQRSTUVWXYZ") 
.................... #define isalnum(x)  isamong(x,"0123456789ABCDEFGHIJKLMNOPQRSTUVWXYZabcdefghijklmnopqrstuvwxyz") 
.................... #define isalpha(x)  isamong(x,"ABCDEFGHIJKLMNOPQRSTUVWXYZabcdefghijklmnopqrstuvwxyz") 
.................... #define isdigit(x)  isamong(x,"0123456789") 
.................... #define isspace(x)  ((x)==' ') 
.................... #define isxdigit(x) isamong(x,"0123456789ABCDEFabcdef") 
.................... #define iscntrl(x)  ((x)<' ') 
.................... #define isprint(x)  ((x)>=' ') 
.................... #define isgraph(x)  ((x)>' ') 
.................... #define ispunct(x)  (((x)>' ')&&!isalnum(x)) 
....................  
.................... #endif 
....................  
....................  
....................  
....................  
....................  
.................... ////////////////////////////////////////////// 
.................... //// Uncomment the following define to    //// 
.................... //// allow some functions to use a        //// 
.................... //// quicker algorithm, but use more ROM  //// 
.................... ////                                      //// 
.................... //// #define FASTER_BUT_MORE_ROM          //// 
.................... ////////////////////////////////////////////// 
....................  
....................  
....................  
.................... /*Copying functions*/ 
.................... /* standard template: 
....................    void *memmove(void *s1, void *s2, size_t n). 
....................    Copies max of n characters safely (not following ending '\0') 
....................    from s2 in s1; if s2 has less than n characters, appends 0 */ 
....................  
.................... unsigned char *memmove(void *s1,void *s2,size_t n) 
.................... { 
....................    unsigned char *sc1; 
....................    unsigned char *sc2; 
....................    sc1=s1; 
....................    sc2=s2; 
....................    if(sc2<sc1 && sc1 <sc2 +n) 
....................       for(sc1+=n,sc2+=n;0<n;--n) 
....................          *--sc1=*--sc2; 
....................    else 
....................       for(;0<n;--n) 
....................          *sc1++=*sc2++; 
....................   return s1; 
....................   } 
....................  
.................... /* Standard template: char *strcpy(char *s1, const char *s2) 
....................    copies the string s2 including the null character to s1. 
....................    This is a compiler built in to handle the different address 
....................    spaces */ 
....................  
.................... #define strcopy strcpy 
....................  
.................... /* standard template: 
....................    char *strncpy(char *s1, const char *s2, size_t n). 
....................    Copies max of n characters (not following ending '\0') 
....................    from s2 in s1; if s2 has less than n characters, appends 0 */ 
....................  
.................... unsigned char *strncpy(unsigned char *s1, unsigned char *s2, size_t n) 
.................... { 
....................   unsigned char *s; 
....................  
....................   for (s = s1; n > 0 && *s2 != '\0'; n--) 
....................      *s++ = *s2++; 
....................   for (; n > 0; n--) 
....................      *s++ = '\0'; 
....................  
....................   return(s1); 
.................... } 
.................... /***********************************************************/ 
....................  
.................... /*concatenation functions*/ 
.................... /* standard template: char *strcat(char *s1, const char *s2) 
.................... appends s2 to s1*/ 
....................  
.................... unsigned char *strcat(unsigned char *s1, unsigned char *s2) 
.................... { 
....................    unsigned char *s; 
....................  
....................    for (s = s1; *s != '\0'; ++s); 
....................    while(*s2 != '\0') 
....................    { 
....................       *s = *s2; 
....................       ++s; 
....................       ++s2; 
....................    } 
....................  
....................    *s = '\0'; 
....................    return(s1); 
.................... } 
.................... /* standard template: char *strncat(char *s1, char *s2,size_t n) 
.................... appends not more than n characters from s2 to s1*/ 
....................  
.................... unsigned char *strncat(unsigned char *s1, unsigned char *s2, size_t n) 
.................... { 
....................    unsigned char *s; 
....................  
....................    for (s = s1; *s != '\0'; ++s); 
....................    while(*s2 != '\0' && 0<n) 
....................    { 
....................       *s = *s2; 
....................       ++s; 
....................       ++s2; 
....................       --n; 
....................    } 
....................  
....................    *s = '\0'; 
....................    return(s1); 
.................... } 
....................  
.................... /***********************************************************/ 
....................  
....................  
.................... /*comparison functions*/ 
.................... /* standard template: signed int memcmp(void *s1, void *s2). 
....................    Compares s1 & s2; returns -1 if s1<s2, 0 if s1=s2, 1 if s1>s2 */ 
....................  
.................... signed int8 memcmp(void * s1,void *s2,size_t n) 
.................... { 
.................... unsigned char *su1, *su2; 
.................... for(su1=s1, su2=s2; 0<n; ++su1, ++su2, --n) 
.................... { 
....................    if(*su1!=*su2) 
....................       return ((*su1<*su2)?-1:1); 
.................... } 
.................... return 0; 
.................... } 
....................  
.................... /* standard template: int strcmp(const char *s1, const char *s2). 
....................    Compares s1 & s2; returns -1 if s1<s2, 0 if s1=s2, 1 if s1>s2 */ 
....................  
.................... signed int8 strcmp(unsigned char *s1, unsigned char *s2) 
.................... { 
....................    for (; *s1 == *s2; s1++, s2++) 
....................       if (*s1 == '\0') 
....................          return(0); 
....................    return((*s1 < *s2) ? -1: 1); 
.................... } 
.................... /* standard template: int strcoll(const char *s1, const char *s2). 
....................    Compares s1 & s2; returns -1 if s1<s2, 0 if s1=s2, 1 if s1>s2 */ 
....................  
.................... signed int8 strcoll(unsigned char *s1, unsigned char *s2) 
.................... { 
....................    for (; *s1 == *s2; s1++, s2++) 
....................       if (*s1 == '\0') 
....................          return(0); 
....................    return((*s1 < *s2) ? -1: 1); 
.................... } 
....................  
.................... /* standard template: 
....................    int strncmp(const char *s1, const char *s2, size_t n). 
....................    Compares max of n characters (not following 0) from s1 to s2; 
....................    returns same as strcmp */ 
....................  
.................... signed int8 strncmp(unsigned char *s1, unsigned char *s2, size_t n) 
.................... { 
....................    for (; n > 0; s1++, s2++, n--) 
....................       if (*s1 != *s2) 
....................          return((*s1 <*s2) ? -1: 1); 
....................       else if (*s1 == '\0') 
....................          return(0); 
....................    return(0); 
.................... } 
.................... /* standard template: 
....................    int strxfrm(const char *s1, const char *s2, size_t n). 
....................    transforms maximum of n characters from s2 and places them into s1, returns number of chars written ot s1. 
....................    if s1 is NULL and n is 0, then it returns the length of s2.*/ 
.................... size_t strxfrm(unsigned char *s1, unsigned char *s2, size_t n) 
.................... { 
....................    unsigned char c; 
....................    unsigned int8 n1; 
....................     
....................    if (!s1 && !n) 
....................       n = -1; //find length 
....................  
....................    n1 = 0; 
....................     
....................    for (; n1 < n; n1++) 
....................    { 
....................       c = *s2++; 
....................       if (!c) 
....................          break; 
....................       if (s1) 
....................          *s1++ = c; 
....................    } 
....................  
....................   return(n1); 
.................... } 
....................  
....................  
....................  
....................  
....................  
.................... /***********************************************************/ 
.................... /*Search functions*/ 
.................... /* standard template: void *memchr(const char *s, int c). 
....................    Finds first occurrence of c in n characters of s */ 
....................  
.................... unsigned char *memchr(void *s,unsigned int8 c,size_t n) 
.................... { 
....................    unsigned char uc; 
....................    unsigned char *su; 
....................    uc=c; 
....................    for(su=s;0<n;++su,--n) 
....................       if(*su==uc) 
....................       return su; 
....................    return NULL; 
.................... } 
....................  
.................... /* standard template: char *strchr(const char *s, int c). 
....................    Finds first occurrence of c in s */ 
....................  
.................... unsigned char *strchr(unsigned char *s, unsigned int8 c) 
.................... { 
....................    for (; *s != c; s++) 
....................       if (*s == '\0') 
....................          return(0); 
....................    return(s); 
.................... } 
.................... /* standard template: 
....................    size_t strcspn(const char *s1, const char *s2). 
....................    Computes length of max initial segment of s1 that 
....................    consists entirely of characters NOT from s2*/ 
....................  
.................... unsigned int8  strcspn(unsigned char *s1, unsigned char *s2) 
.................... { 
....................    unsigned char *sc1, *sc2; 
....................  
....................    for (sc1 = s1; *sc1 != 0; sc1++) 
....................       for (sc2 = s2; *sc2 != 0; sc2++) 
....................          if (*sc1 == *sc2) 
....................             return(sc1 - s1); 
....................    return(sc1 - s1); 
.................... } 
.................... /* standard template: 
....................    char *strpbrk(const char *s1, const char *s2). 
....................    Locates first occurence of any character from s2 in s1; 
....................    returns s1 if s2 is empty string */ 
....................  
.................... unsigned char *strpbrk(unsigned char *s1, unsigned char *s2) 
.................... { 
....................    unsigned char *sc1, *sc2; 
....................  
....................    for (sc1 = s1; *sc1 != 0; sc1++) 
....................       for (sc2 = s2; *sc2 != 0; sc2++) 
....................          if (*sc1 == *sc2) 
....................             return(sc1); 
....................    return(0); 
.................... } 
....................  
....................  
.................... /* standard template: char *strrchr(const char *s, int c). 
....................    Finds last occurrence of c in s */ 
....................  
.................... unsigned char *strrchr(unsigned char *s, unsigned int8 c) 
.................... { 
....................    unsigned char *p; 
....................  
....................    for (p = 0; ; s++) 
....................    { 
....................       if (*s == c) 
....................          p = s; 
....................       if (*s == '\0') 
....................          return(p); 
....................    } 
.................... } 
.................... /* computes length of max initial segment of s1 consisting 
....................    entirely of characters from s2 */ 
....................  
.................... unsigned int8  strspn(unsigned char *s1, unsigned char *s2) 
.................... { 
....................    unsigned char *sc1, *sc2; 
....................  
....................    for (sc1 = s1; *sc1 != 0; sc1++) 
....................       for (sc2 = s2; ; sc2++) 
....................     if (*sc2 == '\0') 
....................        return(sc1 - s1); 
....................          else if (*sc1 == *sc2) 
....................             break; 
....................    return(sc1 - s1); 
.................... } 
.................... /* standard template: 
....................    char *strstr(const char *s1, const char *s2); 
....................    Locates first occurence of character sequence s2 in s1; 
....................    returns 0 if s2 is empty string 
....................  
....................    Uncomment #define FASTER_BUT_MORE_ROM at the top of the 
....................    file to use the faster algorithm */ 
.................... unsigned char *strstr(unsigned char *s1, unsigned char *s2) 
.................... { 
....................    unsigned char *s, *t; 
....................  
....................    #ifdef FASTER_BUT_MORE_ROM 
....................    if (*s2 == '\0') 
....................          return(s1); 
....................    #endif 
....................  
....................    while (*s1) 
....................    { 
....................       for(s = s1, t = s2; *t && (*s == *t); ++s, ++t); 
....................  
....................       if (*t == '\0') 
....................          return s1; 
....................       ++s1; 
....................       #ifdef FASTER_BUT_MORE_ROM 
....................          while(*s1 != '\0' && *s1 != *s2) 
....................             ++s1; 
....................       #endif 
....................    } 
....................    return 0; 
.................... } 
....................  
.................... /* standard template: size_t strlen(const char *s). 
....................    Computes length of s1 (preceding terminating 0) */ 
....................  
.................... size_t strlen(unsigned char *s) 
.................... { 
....................    unsigned char *sc; 
....................  
....................    for (sc = s; *sc != 0; sc++); 
....................    return(sc - s); 
.................... } 
....................  
.................... /* standard template: char *strtok(char *s1, const char *s2). 
....................  
....................    Finds next token in s1 delimited by a character from separator 
....................    string s2 (which can be different from call to call).  First call 
....................    starts at beginning of s1 searching for first character NOT 
....................    contained in s2; returns 0 if none is found. 
....................    If one is found, it is the start of first token (return value). 
....................    Function then searches from there for a character contained in s2. 
....................    If none is found, current token extends to end of s1, and subsequent 
....................    searches for a token will return 0.  If one is found, it is 
....................    overwritten by '\0', which terminates current token.  Function saves 
....................    pointer to following character from which next search will start. 
....................    Each subsequent call, with 0 as first argument, starts searching 
....................    from saved pointer */ 
....................  
.................... unsigned char *strtok(unsigned char *s1, unsigned char *s2) 
.................... { 
....................    unsigned char *beg, *end; 
....................    static char *save; 
*
00F7:  BCF    03.5
00F8:  CLRF   27
00F9:  CLRF   28
....................  
....................    beg = (s1)? s1: save; 
....................    beg += strspn(beg, s2); 
....................    if (*beg == '\0') 
....................       return(0); 
....................        
....................    end = strpbrk(beg, s2); 
....................    if (end != '\0') 
....................    { 
....................       *end = '\0'; 
....................       end++; 
....................       save = end; 
....................    } 
....................    else 
....................       save = beg + strlen(beg); 
....................     
....................    return(beg); 
.................... } 
....................  
.................... /*****************************************************************/ 
.................... /*Miscellaneous functions*/ 
.................... /* standard template 
.................... maps error number in errnum to an error message string 
.................... Returns: Pointer to string 
.................... */ 
.................... #ifdef _ERRNO 
.................... unsigned char * strerror(unsigned int8 errnum) 
.................... { 
.................... static unsigned char s[13]; 
.................... switch( errnum) 
.................... { 
.................... case 0: 
....................    strcpy(s,"no errors"); 
....................    return s; 
.................... case EDOM : 
....................    strcpy(s,"domain error"); 
....................    return s; 
.................... case ERANGE: 
....................    strcpy(s,"range error"); 
....................    return s; 
.................... } 
.................... } 
.................... #ENDIF 
....................  
.................... /* standard template: size_t stricmp(const char *s1, const char *s2). 
....................    Compares s1 to s2 ignoring case (upper vs. lower) */ 
....................  
.................... signed int8 stricmp(unsigned char *s1, unsigned char *s2) 
.................... { 
....................  for(; *s1==*s2||(isalpha(*s1)&&isalpha(*s2)&&(*s1==*s2+32||*s2==*s1+32)); 
....................     s1++, s2++) 
....................     if (*s1 == '\0') 
....................        return(0); 
....................  return((*s1 < *s2) ? -1: 1); 
.................... } 
....................  
....................  
.................... /* standard template: char *strlwr(char *s). 
....................    Replaces uppercase letters by lowercase; 
....................    returns pointer to new string s */ 
....................  
.................... unsigned char *strlwr(unsigned char *s) 
.................... { 
....................    unsigned char *p; 
....................  
....................    for (p = s; *p != '\0'; p++) 
....................       if (*p >= 'A' && *p <='Z') 
....................          *p += 'a' - 'A'; 
....................    return(s); 
.................... } 
....................  
.................... /* standard template: char *strupr(char *s). 
....................    Replaces lowercase letters by upercase; 
....................    returns pointer to new string s */ 
....................  
.................... unsigned char *strupr(unsigned char *s) 
.................... { 
....................    unsigned char *p; 
....................  
....................    for (p = s; *p != '\0'; p++) 
....................       if (*p >= 'a' && *p <='z') 
....................          *p -= 'a' - 'A'; 
....................    return(s); 
.................... } 
....................  
....................  
.................... /************************************************************/ 
....................  
....................  
.................... #endif 
....................  
....................  
.................... char string[50]; 
.................... #int_RDA 
.................... RDA_ISR() 
.................... { 
....................    fgets(string, user1); 
*
005A:  MOVLW  29
005B:  MOVWF  04
005C:  BCF    03.7
005D:  DECF   04,F
005E:  INCF   04,F
005F:  BTFSS  0C.5
0060:  GOTO   05F
0061:  MOVF   1A,W
0062:  MOVWF  00
0063:  MOVLW  0D
0064:  SUBWF  00,W
0065:  BTFSS  03.2
0066:  GOTO   05E
0067:  CLRF   00
....................    fprintf(user2, "\f%s\r", string); 
0068:  MOVLW  0C
0069:  MOVWF  5F
006A:  CALL   038
006B:  MOVLW  29
006C:  MOVWF  04
006D:  BCF    03.7
*
0083:  MOVLW  0D
0084:  MOVWF  5F
0085:  CALL   038
.................... } 
0086:  BCF    0C.5
0087:  BCF    0A.3
0088:  BCF    0A.4
0089:  GOTO   021
.................... #int_EXT 
.................... EXT_ISR() 
.................... { 
....................    fgets(string, user2); 
008A:  MOVLW  29
008B:  MOVWF  04
008C:  BCF    03.7
008D:  DECF   04,F
008E:  INCF   04,F
*
00B2:  MOVF   78,W
00B3:  MOVWF  00
00B4:  MOVLW  0D
00B5:  SUBWF  00,W
00B6:  BTFSS  03.2
00B7:  GOTO   08E
00B8:  CLRF   00
....................    fprintf(user1, "\f%s\r", string); 
00B9:  MOVLW  0C
00BA:  BTFSS  0C.4
00BB:  GOTO   0BA
00BC:  MOVWF  19
00BD:  MOVLW  29
00BE:  MOVWF  04
00BF:  BCF    03.7
*
00D6:  MOVLW  0D
00D7:  BTFSS  0C.4
00D8:  GOTO   0D7
00D9:  MOVWF  19
00DA:  BCF    0B.1
00DB:  BCF    0A.3
00DC:  BCF    0A.4
00DD:  GOTO   021
.................... } 
.................... void main() 
00DE:  MOVF   03,W
00DF:  ANDLW  1F
00E0:  MOVWF  03
00E1:  MOVLW  0C
00E2:  BSF    03.5
00E3:  MOVWF  19
00E4:  MOVLW  A6
00E5:  MOVWF  18
00E6:  MOVLW  90
00E7:  BCF    03.5
00E8:  MOVWF  18
00E9:  BSF    03.5
00EA:  BCF    06.1
00EB:  BCF    03.5
00EC:  BSF    06.1
00ED:  CLRF   5C
00EE:  CLRF   5B
00EF:  BSF    03.5
00F0:  BSF    1F.0
00F1:  BSF    1F.1
00F2:  BSF    1F.2
00F3:  BCF    1F.3
00F4:  MOVLW  07
00F5:  MOVWF  1C
00F6:  BCF    03.7
.................... { 
....................    enable_interrupts(GLOBAL); 
*
00FA:  MOVLW  C0
00FB:  IORWF  0B,F
....................    enable_interrupts(int_RDA); 
00FC:  BSF    03.5
00FD:  BSF    0C.5
....................    enable_interrupts(int_EXT); 
00FE:  BCF    03.5
00FF:  BSF    0B.4
....................     
....................    while(1); 
0100:  GOTO   100
.................... } 
....................  
0101:  SLEEP

Configuration Fuses:
   Word  1: 2F41   XT NOWDT PUT BROWNOUT NOLVP NOCPD NOWRT NODEBUG NOPROTECT
