Classic Timing Analyzer report for bit6
Tue Jul 13 15:09:03 2021
Quartus II Version 9.1 Build 350 03/24/2010 Service Pack 2 SJ Web Edition


---------------------
; Table of Contents ;
---------------------
  1. Legal Notice
  2. Timing Analyzer Summary
  3. Timing Analyzer Settings
  4. Clock Settings Summary
  5. Parallel Compilation
  6. tsu
  7. tco
  8. th
  9. Timing Analyzer Messages



----------------
; Legal Notice ;
----------------
Copyright (C) 1991-2010 Altera Corporation
Your use of Altera Corporation's design tools, logic functions 
and other software and tools, and its AMPP partner logic 
functions, and any output files from any of the foregoing 
(including device programming or simulation files), and any 
associated documentation or information are expressly subject 
to the terms and conditions of the Altera Program License 
Subscription Agreement, Altera MegaCore Function License 
Agreement, or other applicable license agreement, including, 
without limitation, that your use is for the sole purpose of 
programming logic devices manufactured by Altera and sold by 
Altera or its authorized distributors.  Please refer to the 
applicable agreement for further details.



+---------------------------------------------------------------------------------------------------------------------------------------------+
; Timing Analyzer Summary                                                                                                                     ;
+------------------------------+-------+---------------+-------------+----------------+----------------+------------+----------+--------------+
; Type                         ; Slack ; Required Time ; Actual Time ; From           ; To             ; From Clock ; To Clock ; Failed Paths ;
+------------------------------+-------+---------------+-------------+----------------+----------------+------------+----------+--------------+
; Worst-case tsu               ; N/A   ; None          ; 3.037 ns    ; input[5]       ; output[5]~reg0 ; --         ; clk      ; 0            ;
; Worst-case tco               ; N/A   ; None          ; 6.554 ns    ; output[3]~reg0 ; output[3]      ; clk        ; --       ; 0            ;
; Worst-case th                ; N/A   ; None          ; -1.994 ns   ; input[6]       ; output[6]~reg0 ; --         ; clk      ; 0            ;
; Total number of failed paths ;       ;               ;             ;                ;                ;            ;          ; 0            ;
+------------------------------+-------+---------------+-------------+----------------+----------------+------------+----------+--------------+


+-----------------------------------------------------------------------------------------------------------------------------------------------------+
; Timing Analyzer Settings                                                                                                                            ;
+------------------------------------------------------------------------------------------------------+--------------------+------+----+-------------+
; Option                                                                                               ; Setting            ; From ; To ; Entity Name ;
+------------------------------------------------------------------------------------------------------+--------------------+------+----+-------------+
; Device Name                                                                                          ; EP2S15F484C3       ;      ;    ;             ;
; Timing Models                                                                                        ; Final              ;      ;    ;             ;
; Default hold multicycle                                                                              ; Same as Multicycle ;      ;    ;             ;
; Cut paths between unrelated clock domains                                                            ; On                 ;      ;    ;             ;
; Cut off read during write signal paths                                                               ; On                 ;      ;    ;             ;
; Cut off feedback from I/O pins                                                                       ; On                 ;      ;    ;             ;
; Report Combined Fast/Slow Timing                                                                     ; Off                ;      ;    ;             ;
; Ignore Clock Settings                                                                                ; Off                ;      ;    ;             ;
; Analyze latches as synchronous elements                                                              ; On                 ;      ;    ;             ;
; Enable Recovery/Removal analysis                                                                     ; Off                ;      ;    ;             ;
; Enable Clock Latency                                                                                 ; Off                ;      ;    ;             ;
; Use TimeQuest Timing Analyzer                                                                        ; Off                ;      ;    ;             ;
; Number of source nodes to report per destination node                                                ; 10                 ;      ;    ;             ;
; Number of destination nodes to report                                                                ; 10                 ;      ;    ;             ;
; Number of paths to report                                                                            ; 200                ;      ;    ;             ;
; Report Minimum Timing Checks                                                                         ; Off                ;      ;    ;             ;
; Use Fast Timing Models                                                                               ; Off                ;      ;    ;             ;
; Report IO Paths Separately                                                                           ; Off                ;      ;    ;             ;
; Perform Multicorner Analysis                                                                         ; On                 ;      ;    ;             ;
; Reports the worst-case path for each clock domain and analysis                                       ; Off                ;      ;    ;             ;
; Reports worst-case timing paths for each clock domain and analysis                                   ; Off                ;      ;    ;             ;
; Specifies the maximum number of worst-case timing paths to report for each clock domain and analysis ; 100                ;      ;    ;             ;
; Removes common clock path pessimism (CCPP) during slack computation                                  ; Off                ;      ;    ;             ;
; Output I/O Timing Endpoint                                                                           ; Near End           ;      ;    ;             ;
+------------------------------------------------------------------------------------------------------+--------------------+------+----+-------------+


+------------------------------------------------------------------------------------------------------------------------------------------------------------------------------------+
; Clock Settings Summary                                                                                                                                                             ;
+-----------------+--------------------+----------+------------------+---------------+--------------+----------+-----------------------+---------------------+--------+--------------+
; Clock Node Name ; Clock Setting Name ; Type     ; Fmax Requirement ; Early Latency ; Late Latency ; Based on ; Multiply Base Fmax by ; Divide Base Fmax by ; Offset ; Phase offset ;
+-----------------+--------------------+----------+------------------+---------------+--------------+----------+-----------------------+---------------------+--------+--------------+
; clk             ;                    ; User Pin ; None             ; 0.000 ns      ; 0.000 ns     ; --       ; N/A                   ; N/A                 ; N/A    ;              ;
+-----------------+--------------------+----------+------------------+---------------+--------------+----------+-----------------------+---------------------+--------+--------------+


Parallel compilation was disabled, but you have multiple processors available. Enable parallel compilation to reduce compilation time.
+-------------------------------------+
; Parallel Compilation                ;
+----------------------------+--------+
; Processors                 ; Number ;
+----------------------------+--------+
; Number detected on machine ; 4      ;
; Maximum allowed            ; 1      ;
+----------------------------+--------+


+--------------------------------------------------------------------------+
; tsu                                                                      ;
+-------+--------------+------------+----------+----------------+----------+
; Slack ; Required tsu ; Actual tsu ; From     ; To             ; To Clock ;
+-------+--------------+------------+----------+----------------+----------+
; N/A   ; None         ; 3.037 ns   ; input[5] ; output[5]~reg0 ; clk      ;
; N/A   ; None         ; 2.721 ns   ; input[3] ; output[3]~reg0 ; clk      ;
; N/A   ; None         ; 2.612 ns   ; input[2] ; output[2]~reg0 ; clk      ;
; N/A   ; None         ; 2.503 ns   ; input[1] ; output[1]~reg0 ; clk      ;
; N/A   ; None         ; 2.460 ns   ; input[4] ; output[4]~reg0 ; clk      ;
; N/A   ; None         ; 2.233 ns   ; input[6] ; output[6]~reg0 ; clk      ;
+-------+--------------+------------+----------+----------------+----------+


+-----------------------------------------------------------------------------+
; tco                                                                         ;
+-------+--------------+------------+----------------+-----------+------------+
; Slack ; Required tco ; Actual tco ; From           ; To        ; From Clock ;
+-------+--------------+------------+----------------+-----------+------------+
; N/A   ; None         ; 6.554 ns   ; output[3]~reg0 ; output[3] ; clk        ;
; N/A   ; None         ; 5.620 ns   ; output[5]~reg0 ; output[5] ; clk        ;
; N/A   ; None         ; 5.516 ns   ; output[2]~reg0 ; output[2] ; clk        ;
; N/A   ; None         ; 5.498 ns   ; output[6]~reg0 ; output[6] ; clk        ;
; N/A   ; None         ; 5.228 ns   ; output[1]~reg0 ; output[1] ; clk        ;
; N/A   ; None         ; 5.057 ns   ; output[4]~reg0 ; output[4] ; clk        ;
+-------+--------------+------------+----------------+-----------+------------+


+--------------------------------------------------------------------------------+
; th                                                                             ;
+---------------+-------------+-----------+----------+----------------+----------+
; Minimum Slack ; Required th ; Actual th ; From     ; To             ; To Clock ;
+---------------+-------------+-----------+----------+----------------+----------+
; N/A           ; None        ; -1.994 ns ; input[6] ; output[6]~reg0 ; clk      ;
; N/A           ; None        ; -2.221 ns ; input[4] ; output[4]~reg0 ; clk      ;
; N/A           ; None        ; -2.264 ns ; input[1] ; output[1]~reg0 ; clk      ;
; N/A           ; None        ; -2.373 ns ; input[2] ; output[2]~reg0 ; clk      ;
; N/A           ; None        ; -2.482 ns ; input[3] ; output[3]~reg0 ; clk      ;
; N/A           ; None        ; -2.798 ns ; input[5] ; output[5]~reg0 ; clk      ;
+---------------+-------------+-----------+----------+----------------+----------+


+--------------------------+
; Timing Analyzer Messages ;
+--------------------------+
Info: *******************************************************************
Info: Running Quartus II Classic Timing Analyzer
    Info: Version 9.1 Build 350 03/24/2010 Service Pack 2 SJ Web Edition
    Info: Processing started: Tue Jul 13 15:09:03 2021
Info: Command: quartus_tan --read_settings_files=off --write_settings_files=off bit6 -c bit6 --timing_analysis_only
Warning: Found pins functioning as undefined clocks and/or memory enables
    Info: Assuming node "clk" is an undefined clock
Info: No valid register-to-register data paths exist for clock "clk"
Info: tsu for register "output[5]~reg0" (data pin = "input[5]", clock pin = "clk") is 3.037 ns
    Info: + Longest pin to register delay is 5.431 ns
        Info: 1: + IC(0.000 ns) + CELL(0.772 ns) = 0.772 ns; Loc. = PIN_AB10; Fanout = 1; PIN Node = 'input[5]'
        Info: 2: + IC(4.451 ns) + CELL(0.053 ns) = 5.276 ns; Loc. = LCCOMB_X26_Y21_N16; Fanout = 1; COMB Node = 'output[5]~reg0feeder'
        Info: 3: + IC(0.000 ns) + CELL(0.155 ns) = 5.431 ns; Loc. = LCFF_X26_Y21_N17; Fanout = 1; REG Node = 'output[5]~reg0'
        Info: Total cell delay = 0.980 ns ( 18.04 % )
        Info: Total interconnect delay = 4.451 ns ( 81.96 % )
    Info: + Micro setup delay of destination is 0.090 ns
    Info: - Shortest clock path from clock "clk" to destination register is 2.484 ns
        Info: 1: + IC(0.000 ns) + CELL(0.854 ns) = 0.854 ns; Loc. = PIN_N20; Fanout = 1; CLK Node = 'clk'
        Info: 2: + IC(0.343 ns) + CELL(0.000 ns) = 1.197 ns; Loc. = CLKCTRL_G3; Fanout = 6; COMB Node = 'clk~clkctrl'
        Info: 3: + IC(0.669 ns) + CELL(0.618 ns) = 2.484 ns; Loc. = LCFF_X26_Y21_N17; Fanout = 1; REG Node = 'output[5]~reg0'
        Info: Total cell delay = 1.472 ns ( 59.26 % )
        Info: Total interconnect delay = 1.012 ns ( 40.74 % )
Info: tco from clock "clk" to destination pin "output[3]" through register "output[3]~reg0" is 6.554 ns
    Info: + Longest clock path from clock "clk" to source register is 2.472 ns
        Info: 1: + IC(0.000 ns) + CELL(0.854 ns) = 0.854 ns; Loc. = PIN_N20; Fanout = 1; CLK Node = 'clk'
        Info: 2: + IC(0.343 ns) + CELL(0.000 ns) = 1.197 ns; Loc. = CLKCTRL_G3; Fanout = 6; COMB Node = 'clk~clkctrl'
        Info: 3: + IC(0.657 ns) + CELL(0.618 ns) = 2.472 ns; Loc. = LCFF_X30_Y6_N17; Fanout = 1; REG Node = 'output[3]~reg0'
        Info: Total cell delay = 1.472 ns ( 59.55 % )
        Info: Total interconnect delay = 1.000 ns ( 40.45 % )
    Info: + Micro clock to output delay of source is 0.094 ns
    Info: + Longest register to pin delay is 3.988 ns
        Info: 1: + IC(0.000 ns) + CELL(0.000 ns) = 0.000 ns; Loc. = LCFF_X30_Y6_N17; Fanout = 1; REG Node = 'output[3]~reg0'
        Info: 2: + IC(2.036 ns) + CELL(1.952 ns) = 3.988 ns; Loc. = PIN_E10; Fanout = 0; PIN Node = 'output[3]'
        Info: Total cell delay = 1.952 ns ( 48.95 % )
        Info: Total interconnect delay = 2.036 ns ( 51.05 % )
Info: th for register "output[6]~reg0" (data pin = "input[6]", clock pin = "clk") is -1.994 ns
    Info: + Longest clock path from clock "clk" to destination register is 2.503 ns
        Info: 1: + IC(0.000 ns) + CELL(0.854 ns) = 0.854 ns; Loc. = PIN_N20; Fanout = 1; CLK Node = 'clk'
        Info: 2: + IC(0.343 ns) + CELL(0.000 ns) = 1.197 ns; Loc. = CLKCTRL_G3; Fanout = 6; COMB Node = 'clk~clkctrl'
        Info: 3: + IC(0.688 ns) + CELL(0.618 ns) = 2.503 ns; Loc. = LCFF_X37_Y25_N17; Fanout = 1; REG Node = 'output[6]~reg0'
        Info: Total cell delay = 1.472 ns ( 58.81 % )
        Info: Total interconnect delay = 1.031 ns ( 41.19 % )
    Info: + Micro hold delay of destination is 0.149 ns
    Info: - Shortest pin to register delay is 4.646 ns
        Info: 1: + IC(0.000 ns) + CELL(0.830 ns) = 0.830 ns; Loc. = PIN_D2; Fanout = 1; PIN Node = 'input[6]'
        Info: 2: + IC(3.608 ns) + CELL(0.053 ns) = 4.491 ns; Loc. = LCCOMB_X37_Y25_N16; Fanout = 1; COMB Node = 'output[6]~reg0feeder'
        Info: 3: + IC(0.000 ns) + CELL(0.155 ns) = 4.646 ns; Loc. = LCFF_X37_Y25_N17; Fanout = 1; REG Node = 'output[6]~reg0'
        Info: Total cell delay = 1.038 ns ( 22.34 % )
        Info: Total interconnect delay = 3.608 ns ( 77.66 % )
Info: Quartus II Classic Timing Analyzer was successful. 0 errors, 1 warning
    Info: Peak virtual memory: 173 megabytes
    Info: Processing ended: Tue Jul 13 15:09:03 2021
    Info: Elapsed time: 00:00:00
    Info: Total CPU time (on all processors): 00:00:00


